
  
  <p>testing some <em>code</em></p>

  
    <div class='highlight'><pre>
<span class="hljs-function"><span class="hljs-title">fn</span> = -&gt;</span>
  <span class="hljs-keyword">for</span> x <span class="hljs-keyword">in</span> arr <span class="hljs-comment"># this is a loop</span>
    <span class="hljs-built_in">console</span>.log x</pre></div>
  

  
  <p>this is the end of the code</p>

  

